{
  "asFragment": [Function],
  "baseElement": <body>
    <div>
      <div
        class="sc-iAEyYk gwMcrF"
        data-testid="sus_demography"
      >
        <h3
          class="sc-jTrPJq dbEblB"
        >
          Profile 1 Demographics
        </h3>
        <p
          class="sc-beqWaB bOUxvT"
        >
          Tell us about the individual
        </p>
        <form>
          <label>
            First Name 
            <input
              placeholder="Ex. Jane Smith"
            />
          </label>
          <label>
            Zip code
            <input
              placeholder="Enter your zip"
            />
            <div
              aria-label="zipcode-explanation"
              tabindex="0"
            >
              <svg
                fill="none"
                height="25"
                viewBox="0 0 25 25"
                width="25"
                xmlns="http://www.w3.org/2000/svg"
              >
                <path
                  d="M12.7344 2.28125C10.806 2.28125 8.92095 2.85308 7.31757 3.92442C5.71419 4.99576 4.46451 6.51851 3.72655 8.30009C2.9886 10.0817 2.79552 12.0421 3.17172 13.9334C3.54793 15.8247 4.47653 17.562 5.84009 18.9255C7.20365 20.2891 8.94093 21.2177 10.8322 21.5939C12.7236 21.9701 14.684 21.777 16.4655 21.0391C18.2471 20.3011 19.7699 19.0514 20.8412 17.4481C21.9126 15.8447 22.4844 13.9596 22.4844 12.0312C22.4816 9.44623 21.4535 6.96786 19.6257 5.13997C17.7978 3.31209 15.3194 2.28398 12.7344 2.28125ZM12.7344 18.0312C12.5119 18.0312 12.2944 17.9653 12.1094 17.8417C11.9244 17.718 11.7802 17.5423 11.695 17.3368C11.6099 17.1312 11.5876 16.905 11.631 16.6868C11.6744 16.4685 11.7816 16.2681 11.9389 16.1108C12.0962 15.9534 12.2967 15.8463 12.5149 15.8029C12.7331 15.7595 12.9593 15.7817 13.1649 15.8669C13.3705 15.952 13.5462 16.0962 13.6698 16.2812C13.7934 16.4662 13.8594 16.6837 13.8594 16.9062C13.8594 17.2046 13.7409 17.4908 13.5299 17.7017C13.3189 17.9127 13.0327 18.0312 12.7344 18.0312ZM13.4844 13.4637V13.5312C13.4844 13.7302 13.4054 13.9209 13.2647 14.0616C13.1241 14.2022 12.9333 14.2812 12.7344 14.2812C12.5355 14.2812 12.3447 14.2022 12.204 14.0616C12.0634 13.9209 11.9844 13.7302 11.9844 13.5312V12.7812C11.9844 12.5823 12.0634 12.3916 12.204 12.2509C12.3447 12.1103 12.5355 12.0312 12.7344 12.0312C13.9747 12.0312 14.9844 11.1875 14.9844 10.1562C14.9844 9.125 13.9747 8.28125 12.7344 8.28125C11.4941 8.28125 10.4844 9.125 10.4844 10.1562V10.5312C10.4844 10.7302 10.4054 10.9209 10.2647 11.0616C10.1241 11.2022 9.93329 11.2812 9.73438 11.2812C9.53547 11.2812 9.3447 11.2022 9.20405 11.0616C9.0634 10.9209 8.98438 10.7302 8.98438 10.5312V10.1562C8.98438 8.29531 10.6663 6.78125 12.7344 6.78125C14.8025 6.78125 16.4844 8.29531 16.4844 10.1562C16.4844 11.7856 15.1944 13.1497 13.4844 13.4637Z"
                  fill="#3A343C"
                />
              </svg>
            </div>
          </label>
          <label>
            Relationship to account holder
            <input
              placeholder="Ex. child, grandchild, nephew"
            />
          </label>
          <div>
            <label>
              Who does the individual live with? (select all that apply)
            </label>
            <div
              class=" css-b62m3t-container"
            >
              <span
                class="css-1f43avz-a11yText-A11yText"
                id="react-select-4-live-region"
              />
              <span
                aria-atomic="false"
                aria-live="polite"
                aria-relevant="additions text"
                class="css-1f43avz-a11yText-A11yText"
                role="log"
              />
              <div
                class=" css-1fggu4s-control"
              >
                <div
                  class=" css-1fdsijx-ValueContainer"
                >
                  <div
                    class=" css-10ipu6u-placeholder"
                    id="react-select-4-placeholder"
                  >
                    Ex. parents, sibling, aunt
                  </div>
                  <div
                    class=" css-qbdosj-Input"
                    data-value=""
                  >
                    <input
                      aria-activedescendant=""
                      aria-autocomplete="list"
                      aria-describedby="react-select-4-placeholder"
                      aria-expanded="false"
                      aria-haspopup="true"
                      autocapitalize="none"
                      autocomplete="off"
                      autocorrect="off"
                      class=""
                      id="react-select-4-input"
                      role="combobox"
                      spellcheck="false"
                      style="opacity: 1; width: 100%; grid-area: 1 / 2; min-width: 2px; border: 0px; margin: 0px; outline: 0; padding: 0px;"
                      tabindex="0"
                      type="text"
                      value=""
                    />
                  </div>
                </div>
                <div />
              </div>
            </div>
          </div>
          <div>
            <div>
              <label>
                Language(s) spoken
              </label>
              <div
                class=" css-b62m3t-container"
              >
                <span
                  class="css-1f43avz-a11yText-A11yText"
                  id="react-select-5-live-region"
                />
                <span
                  aria-atomic="false"
                  aria-live="polite"
                  aria-relevant="additions text"
                  class="css-1f43avz-a11yText-A11yText"
                  role="log"
                />
                <div
                  class=" css-1fggu4s-control"
                >
                  <div
                    class=" css-1fdsijx-ValueContainer"
                  >
                    <div
                      class=" css-10ipu6u-placeholder"
                      id="react-select-5-placeholder"
                    >
                      Ex. English, Spanish
                    </div>
                    <div
                      class=" css-qbdosj-Input"
                      data-value=""
                    >
                      <input
                        aria-activedescendant=""
                        aria-autocomplete="list"
                        aria-describedby="react-select-5-placeholder"
                        aria-expanded="false"
                        aria-haspopup="true"
                        autocapitalize="none"
                        autocomplete="off"
                        autocorrect="off"
                        class=""
                        id="react-select-5-input"
                        role="combobox"
                        spellcheck="false"
                        style="opacity: 1; width: 100%; grid-area: 1 / 2; min-width: 2px; border: 0px; margin: 0px; outline: 0; padding: 0px;"
                        tabindex="0"
                        type="text"
                        value=""
                      />
                    </div>
                  </div>
                  <div />
                </div>
              </div>
            </div>
            <label>
              Language(s) understood
              <input
                placeholder="Ex. English, Spanish"
              />
            </label>
          </div>
        </form>
      </div>
    </div>
    <div>
      <div
        class="sc-iAEyYk gwMcrF"
        data-testid="sus_demography"
      >
        <h3
          class="sc-jTrPJq dbEblB"
        >
          Profile 1 Demographics
        </h3>
        <p
          class="sc-beqWaB bOUxvT"
        >
          Tell us about the individual
        </p>
        <form>
          <label>
            First Name 
            <input
              placeholder="Ex. Jane Smith"
            />
          </label>
          <label>
            Zip code
            <input
              placeholder="Enter your zip"
            />
            <div
              aria-label="zipcode-explanation"
              tabindex="0"
            >
              <svg
                fill="none"
                height="25"
                viewBox="0 0 25 25"
                width="25"
                xmlns="http://www.w3.org/2000/svg"
              >
                <path
                  d="M12.7344 2.28125C10.806 2.28125 8.92095 2.85308 7.31757 3.92442C5.71419 4.99576 4.46451 6.51851 3.72655 8.30009C2.9886 10.0817 2.79552 12.0421 3.17172 13.9334C3.54793 15.8247 4.47653 17.562 5.84009 18.9255C7.20365 20.2891 8.94093 21.2177 10.8322 21.5939C12.7236 21.9701 14.684 21.777 16.4655 21.0391C18.2471 20.3011 19.7699 19.0514 20.8412 17.4481C21.9126 15.8447 22.4844 13.9596 22.4844 12.0312C22.4816 9.44623 21.4535 6.96786 19.6257 5.13997C17.7978 3.31209 15.3194 2.28398 12.7344 2.28125ZM12.7344 18.0312C12.5119 18.0312 12.2944 17.9653 12.1094 17.8417C11.9244 17.718 11.7802 17.5423 11.695 17.3368C11.6099 17.1312 11.5876 16.905 11.631 16.6868C11.6744 16.4685 11.7816 16.2681 11.9389 16.1108C12.0962 15.9534 12.2967 15.8463 12.5149 15.8029C12.7331 15.7595 12.9593 15.7817 13.1649 15.8669C13.3705 15.952 13.5462 16.0962 13.6698 16.2812C13.7934 16.4662 13.8594 16.6837 13.8594 16.9062C13.8594 17.2046 13.7409 17.4908 13.5299 17.7017C13.3189 17.9127 13.0327 18.0312 12.7344 18.0312ZM13.4844 13.4637V13.5312C13.4844 13.7302 13.4054 13.9209 13.2647 14.0616C13.1241 14.2022 12.9333 14.2812 12.7344 14.2812C12.5355 14.2812 12.3447 14.2022 12.204 14.0616C12.0634 13.9209 11.9844 13.7302 11.9844 13.5312V12.7812C11.9844 12.5823 12.0634 12.3916 12.204 12.2509C12.3447 12.1103 12.5355 12.0312 12.7344 12.0312C13.9747 12.0312 14.9844 11.1875 14.9844 10.1562C14.9844 9.125 13.9747 8.28125 12.7344 8.28125C11.4941 8.28125 10.4844 9.125 10.4844 10.1562V10.5312C10.4844 10.7302 10.4054 10.9209 10.2647 11.0616C10.1241 11.2022 9.93329 11.2812 9.73438 11.2812C9.53547 11.2812 9.3447 11.2022 9.20405 11.0616C9.0634 10.9209 8.98438 10.7302 8.98438 10.5312V10.1562C8.98438 8.29531 10.6663 6.78125 12.7344 6.78125C14.8025 6.78125 16.4844 8.29531 16.4844 10.1562C16.4844 11.7856 15.1944 13.1497 13.4844 13.4637Z"
                  fill="#3A343C"
                />
              </svg>
            </div>
          </label>
          <label>
            Relationship to account holder
            <input
              placeholder="Ex. child, grandchild, nephew"
            />
          </label>
          <div>
            <label>
              Who does the individual live with? (select all that apply)
            </label>
            <div
              class=" css-b62m3t-container"
            >
              <span
                class="css-1f43avz-a11yText-A11yText"
                id="react-select-6-live-region"
              />
              <span
                aria-atomic="false"
                aria-live="polite"
                aria-relevant="additions text"
                class="css-1f43avz-a11yText-A11yText"
                role="log"
              />
              <div
                class=" css-1fggu4s-control"
              >
                <div
                  class=" css-1fdsijx-ValueContainer"
                >
                  <div
                    class=" css-10ipu6u-placeholder"
                    id="react-select-6-placeholder"
                  >
                    Ex. parents, sibling, aunt
                  </div>
                  <div
                    class=" css-qbdosj-Input"
                    data-value=""
                  >
                    <input
                      aria-activedescendant=""
                      aria-autocomplete="list"
                      aria-describedby="react-select-6-placeholder"
                      aria-expanded="false"
                      aria-haspopup="true"
                      autocapitalize="none"
                      autocomplete="off"
                      autocorrect="off"
                      class=""
                      id="react-select-6-input"
                      role="combobox"
                      spellcheck="false"
                      style="opacity: 1; width: 100%; grid-area: 1 / 2; min-width: 2px; border: 0px; margin: 0px; outline: 0; padding: 0px;"
                      tabindex="0"
                      type="text"
                      value=""
                    />
                  </div>
                </div>
                <div />
              </div>
            </div>
          </div>
          <div>
            <div>
              <label>
                Language(s) spoken
              </label>
              <div
                class=" css-b62m3t-container"
              >
                <span
                  class="css-1f43avz-a11yText-A11yText"
                  id="react-select-7-live-region"
                />
                <span
                  aria-atomic="false"
                  aria-live="polite"
                  aria-relevant="additions text"
                  class="css-1f43avz-a11yText-A11yText"
                  role="log"
                />
                <div
                  class=" css-1fggu4s-control"
                >
                  <div
                    class=" css-1fdsijx-ValueContainer"
                  >
                    <div
                      class=" css-10ipu6u-placeholder"
                      id="react-select-7-placeholder"
                    >
                      Ex. English, Spanish
                    </div>
                    <div
                      class=" css-qbdosj-Input"
                      data-value=""
                    >
                      <input
                        aria-activedescendant=""
                        aria-autocomplete="list"
                        aria-describedby="react-select-7-placeholder"
                        aria-expanded="false"
                        aria-haspopup="true"
                        autocapitalize="none"
                        autocomplete="off"
                        autocorrect="off"
                        class=""
                        id="react-select-7-input"
                        role="combobox"
                        spellcheck="false"
                        style="opacity: 1; width: 100%; grid-area: 1 / 2; min-width: 2px; border: 0px; margin: 0px; outline: 0; padding: 0px;"
                        tabindex="0"
                        type="text"
                        value=""
                      />
                    </div>
                  </div>
                  <div />
                </div>
              </div>
            </div>
            <label>
              Language(s) understood
              <input
                placeholder="Ex. English, Spanish"
              />
            </label>
          </div>
        </form>
      </div>
    </div>
  </body>,
  "container": <div>
    <div
      class="sc-iAEyYk gwMcrF"
      data-testid="sus_demography"
    >
      <h3
        class="sc-jTrPJq dbEblB"
      >
        Profile 1 Demographics
      </h3>
      <p
        class="sc-beqWaB bOUxvT"
      >
        Tell us about the individual
      </p>
      <form>
        <label>
          First Name 
          <input
            placeholder="Ex. Jane Smith"
          />
        </label>
        <label>
          Zip code
          <input
            placeholder="Enter your zip"
          />
          <div
            aria-label="zipcode-explanation"
            tabindex="0"
          >
            <svg
              fill="none"
              height="25"
              viewBox="0 0 25 25"
              width="25"
              xmlns="http://www.w3.org/2000/svg"
            >
              <path
                d="M12.7344 2.28125C10.806 2.28125 8.92095 2.85308 7.31757 3.92442C5.71419 4.99576 4.46451 6.51851 3.72655 8.30009C2.9886 10.0817 2.79552 12.0421 3.17172 13.9334C3.54793 15.8247 4.47653 17.562 5.84009 18.9255C7.20365 20.2891 8.94093 21.2177 10.8322 21.5939C12.7236 21.9701 14.684 21.777 16.4655 21.0391C18.2471 20.3011 19.7699 19.0514 20.8412 17.4481C21.9126 15.8447 22.4844 13.9596 22.4844 12.0312C22.4816 9.44623 21.4535 6.96786 19.6257 5.13997C17.7978 3.31209 15.3194 2.28398 12.7344 2.28125ZM12.7344 18.0312C12.5119 18.0312 12.2944 17.9653 12.1094 17.8417C11.9244 17.718 11.7802 17.5423 11.695 17.3368C11.6099 17.1312 11.5876 16.905 11.631 16.6868C11.6744 16.4685 11.7816 16.2681 11.9389 16.1108C12.0962 15.9534 12.2967 15.8463 12.5149 15.8029C12.7331 15.7595 12.9593 15.7817 13.1649 15.8669C13.3705 15.952 13.5462 16.0962 13.6698 16.2812C13.7934 16.4662 13.8594 16.6837 13.8594 16.9062C13.8594 17.2046 13.7409 17.4908 13.5299 17.7017C13.3189 17.9127 13.0327 18.0312 12.7344 18.0312ZM13.4844 13.4637V13.5312C13.4844 13.7302 13.4054 13.9209 13.2647 14.0616C13.1241 14.2022 12.9333 14.2812 12.7344 14.2812C12.5355 14.2812 12.3447 14.2022 12.204 14.0616C12.0634 13.9209 11.9844 13.7302 11.9844 13.5312V12.7812C11.9844 12.5823 12.0634 12.3916 12.204 12.2509C12.3447 12.1103 12.5355 12.0312 12.7344 12.0312C13.9747 12.0312 14.9844 11.1875 14.9844 10.1562C14.9844 9.125 13.9747 8.28125 12.7344 8.28125C11.4941 8.28125 10.4844 9.125 10.4844 10.1562V10.5312C10.4844 10.7302 10.4054 10.9209 10.2647 11.0616C10.1241 11.2022 9.93329 11.2812 9.73438 11.2812C9.53547 11.2812 9.3447 11.2022 9.20405 11.0616C9.0634 10.9209 8.98438 10.7302 8.98438 10.5312V10.1562C8.98438 8.29531 10.6663 6.78125 12.7344 6.78125C14.8025 6.78125 16.4844 8.29531 16.4844 10.1562C16.4844 11.7856 15.1944 13.1497 13.4844 13.4637Z"
                fill="#3A343C"
              />
            </svg>
          </div>
        </label>
        <label>
          Relationship to account holder
          <input
            placeholder="Ex. child, grandchild, nephew"
          />
        </label>
        <div>
          <label>
            Who does the individual live with? (select all that apply)
          </label>
          <div
            class=" css-b62m3t-container"
          >
            <span
              class="css-1f43avz-a11yText-A11yText"
              id="react-select-6-live-region"
            />
            <span
              aria-atomic="false"
              aria-live="polite"
              aria-relevant="additions text"
              class="css-1f43avz-a11yText-A11yText"
              role="log"
            />
            <div
              class=" css-1fggu4s-control"
            >
              <div
                class=" css-1fdsijx-ValueContainer"
              >
                <div
                  class=" css-10ipu6u-placeholder"
                  id="react-select-6-placeholder"
                >
                  Ex. parents, sibling, aunt
                </div>
                <div
                  class=" css-qbdosj-Input"
                  data-value=""
                >
                  <input
                    aria-activedescendant=""
                    aria-autocomplete="list"
                    aria-describedby="react-select-6-placeholder"
                    aria-expanded="false"
                    aria-haspopup="true"
                    autocapitalize="none"
                    autocomplete="off"
                    autocorrect="off"
                    class=""
                    id="react-select-6-input"
                    role="combobox"
                    spellcheck="false"
                    style="opacity: 1; width: 100%; grid-area: 1 / 2; min-width: 2px; border: 0px; margin: 0px; outline: 0; padding: 0px;"
                    tabindex="0"
                    type="text"
                    value=""
                  />
                </div>
              </div>
              <div />
            </div>
          </div>
        </div>
        <div>
          <div>
            <label>
              Language(s) spoken
            </label>
            <div
              class=" css-b62m3t-container"
            >
              <span
                class="css-1f43avz-a11yText-A11yText"
                id="react-select-7-live-region"
              />
              <span
                aria-atomic="false"
                aria-live="polite"
                aria-relevant="additions text"
                class="css-1f43avz-a11yText-A11yText"
                role="log"
              />
              <div
                class=" css-1fggu4s-control"
              >
                <div
                  class=" css-1fdsijx-ValueContainer"
                >
                  <div
                    class=" css-10ipu6u-placeholder"
                    id="react-select-7-placeholder"
                  >
                    Ex. English, Spanish
                  </div>
                  <div
                    class=" css-qbdosj-Input"
                    data-value=""
                  >
                    <input
                      aria-activedescendant=""
                      aria-autocomplete="list"
                      aria-describedby="react-select-7-placeholder"
                      aria-expanded="false"
                      aria-haspopup="true"
                      autocapitalize="none"
                      autocomplete="off"
                      autocorrect="off"
                      class=""
                      id="react-select-7-input"
                      role="combobox"
                      spellcheck="false"
                      style="opacity: 1; width: 100%; grid-area: 1 / 2; min-width: 2px; border: 0px; margin: 0px; outline: 0; padding: 0px;"
                      tabindex="0"
                      type="text"
                      value=""
                    />
                  </div>
                </div>
                <div />
              </div>
            </div>
          </div>
          <label>
            Language(s) understood
            <input
              placeholder="Ex. English, Spanish"
            />
          </label>
        </div>
      </form>
    </div>
  </div>,
  "debug": [Function],
  "findAllByAltText": [Function],
  "findAllByDisplayValue": [Function],
  "findAllByLabelText": [Function],
  "findAllByPlaceholderText": [Function],
  "findAllByRole": [Function],
  "findAllByTestId": [Function],
  "findAllByText": [Function],
  "findAllByTitle": [Function],
  "findByAltText": [Function],
  "findByDisplayValue": [Function],
  "findByLabelText": [Function],
  "findByPlaceholderText": [Function],
  "findByRole": [Function],
  "findByTestId": [Function],
  "findByText": [Function],
  "findByTitle": [Function],
  "getAllByAltText": [Function],
  "getAllByDisplayValue": [Function],
  "getAllByLabelText": [Function],
  "getAllByPlaceholderText": [Function],
  "getAllByRole": [Function],
  "getAllByTestId": [Function],
  "getAllByText": [Function],
  "getAllByTitle": [Function],
  "getByAltText": [Function],
  "getByDisplayValue": [Function],
  "getByLabelText": [Function],
  "getByPlaceholderText": [Function],
  "getByRole": [Function],
  "getByTestId": [Function],
  "getByText": [Function],
  "getByTitle": [Function],
  "queryAllByAltText": [Function],
  "queryAllByDisplayValue": [Function],
  "queryAllByLabelText": [Function],
  "queryAllByPlaceholderText": [Function],
  "queryAllByRole": [Function],
  "queryAllByTestId": [Function],
  "queryAllByText": [Function],
  "queryAllByTitle": [Function],
  "queryByAltText": [Function],
  "queryByDisplayValue": [Function],
  "queryByLabelText": [Function],
  "queryByPlaceholderText": [Function],
  "queryByRole": [Function],
  "queryByTestId": [Function],
  "queryByText": [Function],
  "queryByTitle": [Function],
  "rerender": [Function],
  "unmount": [Function],
}