{
  "asFragment": [Function],
  "baseElement": <body>
    <div>
      <div
        class="sc-eDDNvR fVbljC"
      >
        <div>
          <span>
            <svg
              fill="none"
              height="33"
              viewBox="0 0 33 33"
              width="33"
              xmlns="http://www.w3.org/2000/svg"
            >
              <path
                d="M29.1109 27.1753C27.2072 23.884 24.2734 21.524 20.8497 20.4053C22.5432 19.3971 23.859 17.8609 24.595 16.0325C25.3309 14.2042 25.4463 12.1848 24.9235 10.2845C24.4007 8.38417 23.2685 6.70802 21.7009 5.51343C20.1333 4.31885 18.2169 3.67188 16.2459 3.67188C14.275 3.67188 12.3586 4.31885 10.791 5.51343C9.22334 6.70802 8.09119 8.38417 7.56837 10.2845C7.04555 12.1848 7.16098 14.2042 7.89693 16.0325C8.63288 17.8609 9.94865 19.3971 11.6422 20.4053C8.21844 21.5228 5.28469 23.8828 3.38094 27.1753C3.31113 27.2891 3.26482 27.4158 3.24475 27.5478C3.22469 27.6798 3.23126 27.8145 3.2641 27.944C3.29693 28.0734 3.35536 28.195 3.43593 28.3014C3.51651 28.4079 3.61759 28.4972 3.73322 28.564C3.84886 28.6308 3.9767 28.6737 4.1092 28.6903C4.24171 28.7069 4.37619 28.6968 4.50472 28.6606C4.63325 28.6243 4.75322 28.5627 4.85755 28.4794C4.96189 28.396 5.04847 28.2926 5.11219 28.1753C7.46719 24.1053 11.6297 21.6753 16.2459 21.6753C20.8622 21.6753 25.0247 24.1053 27.3797 28.1753C27.4434 28.2926 27.53 28.396 27.6343 28.4794C27.7387 28.5627 27.8586 28.6243 27.9872 28.6606C28.1157 28.6968 28.2502 28.7069 28.3827 28.6903C28.5152 28.6737 28.643 28.6308 28.7587 28.564C28.8743 28.4972 28.9754 28.4079 29.056 28.3014C29.1365 28.195 29.195 28.0734 29.2278 27.944C29.2606 27.8145 29.2672 27.6798 29.2471 27.5478C29.2271 27.4158 29.1808 27.2891 29.1109 27.1753ZM9.24594 12.6753C9.24594 11.2908 9.65649 9.93743 10.4257 8.78628C11.1948 7.63514 12.2881 6.73793 13.5672 6.20812C14.8462 5.67831 16.2537 5.53968 17.6116 5.80978C18.9694 6.07987 20.2167 6.74656 21.1957 7.72553C22.1747 8.7045 22.8413 9.95178 23.1114 11.3096C23.3815 12.6675 23.2429 14.075 22.7131 15.3541C22.1833 16.6331 21.2861 17.7264 20.1349 18.4956C18.9838 19.2647 17.6304 19.6753 16.2459 19.6753C14.39 19.6733 12.6107 18.9352 11.2984 17.6228C9.98606 16.3105 9.24793 14.5312 9.24594 12.6753Z"
                fill="#3A343C"
              />
            </svg>
            <h6>
              Kohlil Doe
            </h6>
          </span>
          <span>
            <p
              class="sc-gueYoa gLrYZN"
            >
              Edit
            </p>
            <svg
              fill="none"
              height="25"
              viewBox="0 0 25 25"
              width="25"
              xmlns="http://www.w3.org/2000/svg"
            >
              <path
                d="M21.5564 7.55493L17.3677 3.36524C17.2284 3.22592 17.063 3.1154 16.881 3.03999C16.699 2.96459 16.5039 2.92578 16.3069 2.92578C16.1099 2.92578 15.9148 2.96459 15.7328 3.03999C15.5508 3.1154 15.3854 3.22592 15.2461 3.36524L3.68579 14.9265C3.54589 15.0653 3.43498 15.2305 3.3595 15.4125C3.28402 15.5945 3.24547 15.7898 3.2461 15.9868V20.1765C3.2461 20.5743 3.40414 20.9558 3.68544 21.2372C3.96675 21.5185 4.34828 21.6765 4.7461 21.6765H8.93579C9.13284 21.6771 9.32806 21.6386 9.51009 21.5631C9.69211 21.4876 9.85732 21.3767 9.9961 21.2368L21.5564 9.67649C21.6957 9.5372 21.8063 9.37183 21.8817 9.18982C21.9571 9.0078 21.9959 8.81272 21.9959 8.61571C21.9959 8.4187 21.9571 8.22362 21.8817 8.04161C21.8063 7.8596 21.6957 7.69422 21.5564 7.55493ZM8.93579 20.1765H4.7461V15.9868L12.9961 7.7368L17.1858 11.9265L8.93579 20.1765ZM18.2461 10.8652L14.0564 6.67649L16.3064 4.42649L20.4961 8.61524L18.2461 10.8652Z"
                fill="#3A343C"
              />
            </svg>
          </span>
        </div>
        <div>
          <span>
            <svg
              fill="none"
              height="25"
              viewBox="0 0 25 25"
              width="25"
              xmlns="http://www.w3.org/2000/svg"
            >
              <path
                d="M24.2458 13.4256C24.2458 13.6245 24.1668 13.8153 24.0262 13.956C23.8855 14.0966 23.6948 14.1756 23.4958 14.1756H21.9958V15.6756C21.9958 15.8745 21.9168 16.0653 21.7762 16.206C21.6355 16.3466 21.4448 16.4256 21.2458 16.4256C21.0469 16.4256 20.8562 16.3466 20.7155 16.206C20.5749 16.0653 20.4958 15.8745 20.4958 15.6756V14.1756H18.9958C18.7969 14.1756 18.6062 14.0966 18.4655 13.956C18.3249 13.8153 18.2458 13.6245 18.2458 13.4256C18.2458 13.2267 18.3249 13.0359 18.4655 12.8953C18.6062 12.7546 18.7969 12.6756 18.9958 12.6756H20.4958V11.1756C20.4958 10.9767 20.5749 10.7859 20.7155 10.6453C20.8562 10.5046 21.0469 10.4256 21.2458 10.4256C21.4448 10.4256 21.6355 10.5046 21.7762 10.6453C21.9168 10.7859 21.9958 10.9767 21.9958 11.1756V12.6756H23.4958C23.6948 12.6756 23.8855 12.7546 24.0262 12.8953C24.1668 13.0359 24.2458 13.2267 24.2458 13.4256ZM18.8205 18.9428C18.9486 19.0952 19.0108 19.2923 18.9936 19.4906C18.9764 19.6889 18.8811 19.8723 18.7287 20.0003C18.5762 20.1284 18.3792 20.1906 18.1809 20.1734C17.9826 20.1562 17.7992 20.0609 17.6712 19.9084C15.7849 17.6622 13.1918 16.4256 10.3708 16.4256C7.54991 16.4256 4.95679 17.6622 3.07054 19.9084C2.94249 20.0607 2.75918 20.1559 2.56095 20.1731C2.36272 20.1902 2.1658 20.1279 2.01351 19.9998C1.86121 19.8718 1.76603 19.6885 1.74889 19.4903C1.73174 19.292 1.79405 19.0951 1.9221 18.9428C3.32273 17.2759 5.0646 16.0919 7.00054 15.4581C5.82482 14.7258 4.91959 13.6306 4.42179 12.338C3.92399 11.0454 3.86071 9.62591 4.24152 8.29418C4.62233 6.96244 5.42652 5.79096 6.53241 4.95698C7.63831 4.12299 8.98574 3.67187 10.3708 3.67188C11.756 3.67188 13.1034 4.12299 14.2093 4.95698C15.3152 5.79096 16.1194 6.96244 16.5002 8.29418C16.881 9.62591 16.8177 11.0454 16.3199 12.338C15.8221 13.6306 14.9169 14.7258 13.7412 15.4581C15.6771 16.0919 17.419 17.2759 18.8205 18.9428ZM10.3708 14.9256C11.335 14.9256 12.2776 14.6397 13.0793 14.104C13.8809 13.5684 14.5058 12.807 14.8748 11.9162C15.2437 11.0254 15.3403 10.0452 15.1522 9.09956C14.9641 8.1539 14.4998 7.28526 13.818 6.60348C13.1362 5.9217 12.2676 5.4574 11.3219 5.2693C10.3763 5.08119 9.39606 5.17773 8.50527 5.54671C7.61448 5.91569 6.85311 6.54053 6.31744 7.34222C5.78176 8.14391 5.49585 9.08644 5.49585 10.0506C5.49734 11.3431 6.01143 12.5822 6.92535 13.4961C7.83927 14.41 9.07838 14.9241 10.3708 14.9256Z"
                fill="#3A343C"
              />
            </svg>
            <h6>
              Add another profile
            </h6>
          </span>
        </div>
      </div>
      <dialog
        class="sc-beqWaB eVLkeS"
      >
        <div>
          <svg
            fill="none"
            height="20"
            tabindex="0"
            viewBox="0 0 20 20"
            width="20"
            xmlns="http://www.w3.org/2000/svg"
          >
            <path
              d="M19.7071 18.2931C19.8 18.386 19.8737 18.4963 19.924 18.6177C19.9743 18.7391 20.0001 18.8692 20.0001 19.0006C20.0001 19.132 19.9743 19.2621 19.924 19.3835C19.8737 19.5048 19.8 19.6151 19.7071 19.7081C19.6142 19.801 19.5039 19.8747 19.3825 19.9249C19.2611 19.9752 19.131 20.0011 18.9996 20.0011C18.8682 20.0011 18.7381 19.9752 18.6167 19.9249C18.4953 19.8747 18.385 19.801 18.2921 19.7081L9.99958 11.4143L1.70708 19.7081C1.51944 19.8957 1.26494 20.0011 0.999579 20.0011C0.734215 20.0011 0.47972 19.8957 0.292079 19.7081C0.104439 19.5204 -0.000976557 19.2659 -0.000976562 19.0006C-0.000976568 18.7352 0.104439 18.4807 0.292079 18.2931L8.58583 10.0006L0.292079 1.70806C0.104439 1.52042 -0.000976562 1.26592 -0.000976562 1.00056C-0.000976562 0.735192 0.104439 0.480697 0.292079 0.293056C0.47972 0.105415 0.734215 0 0.999579 0C1.26494 0 1.51944 0.105415 1.70708 0.293056L9.99958 8.58681L18.2921 0.293056C18.4797 0.105415 18.7342 -5.23096e-09 18.9996 0C19.2649 5.23096e-09 19.5194 0.105415 19.7071 0.293056C19.8947 0.480697 20.0001 0.735192 20.0001 1.00056C20.0001 1.26592 19.8947 1.52042 19.7071 1.70806L11.4133 10.0006L19.7071 18.2931Z"
              fill="#1D1A1E"
            />
          </svg>
          <div
            class="sc-hLseeU kwRaBE"
          >
            <img
              alt="decorative image"
              data-nimg="1"
              decoding="async"
              height="0"
              loading="lazy"
              src="/_next/image?url=%2Fassets%2Fimages%2Fsignup%2FSignup_D_Steps_Review_Dialog_Image.png&w=16&q=75"
              srcset="/_next/image?url=%2Fassets%2Fimages%2Fsignup%2FSignup_D_Steps_Review_Dialog_Image.png&w=16&q=75 1x"
              style="color: transparent;"
              width="0"
            />
            <h6>
              Profile successfully created!
            </h6>
            <p
              class="sc-gueYoa gLrYZN"
            >
              Congrats! Youâ€™ve completed your profile and are on the way to greatness.
            </p>
          </div>
        </div>
      </dialog>
    </div>
  </body>,
  "container": <div>
    <div
      class="sc-eDDNvR fVbljC"
    >
      <div>
        <span>
          <svg
            fill="none"
            height="33"
            viewBox="0 0 33 33"
            width="33"
            xmlns="http://www.w3.org/2000/svg"
          >
            <path
              d="M29.1109 27.1753C27.2072 23.884 24.2734 21.524 20.8497 20.4053C22.5432 19.3971 23.859 17.8609 24.595 16.0325C25.3309 14.2042 25.4463 12.1848 24.9235 10.2845C24.4007 8.38417 23.2685 6.70802 21.7009 5.51343C20.1333 4.31885 18.2169 3.67188 16.2459 3.67188C14.275 3.67188 12.3586 4.31885 10.791 5.51343C9.22334 6.70802 8.09119 8.38417 7.56837 10.2845C7.04555 12.1848 7.16098 14.2042 7.89693 16.0325C8.63288 17.8609 9.94865 19.3971 11.6422 20.4053C8.21844 21.5228 5.28469 23.8828 3.38094 27.1753C3.31113 27.2891 3.26482 27.4158 3.24475 27.5478C3.22469 27.6798 3.23126 27.8145 3.2641 27.944C3.29693 28.0734 3.35536 28.195 3.43593 28.3014C3.51651 28.4079 3.61759 28.4972 3.73322 28.564C3.84886 28.6308 3.9767 28.6737 4.1092 28.6903C4.24171 28.7069 4.37619 28.6968 4.50472 28.6606C4.63325 28.6243 4.75322 28.5627 4.85755 28.4794C4.96189 28.396 5.04847 28.2926 5.11219 28.1753C7.46719 24.1053 11.6297 21.6753 16.2459 21.6753C20.8622 21.6753 25.0247 24.1053 27.3797 28.1753C27.4434 28.2926 27.53 28.396 27.6343 28.4794C27.7387 28.5627 27.8586 28.6243 27.9872 28.6606C28.1157 28.6968 28.2502 28.7069 28.3827 28.6903C28.5152 28.6737 28.643 28.6308 28.7587 28.564C28.8743 28.4972 28.9754 28.4079 29.056 28.3014C29.1365 28.195 29.195 28.0734 29.2278 27.944C29.2606 27.8145 29.2672 27.6798 29.2471 27.5478C29.2271 27.4158 29.1808 27.2891 29.1109 27.1753ZM9.24594 12.6753C9.24594 11.2908 9.65649 9.93743 10.4257 8.78628C11.1948 7.63514 12.2881 6.73793 13.5672 6.20812C14.8462 5.67831 16.2537 5.53968 17.6116 5.80978C18.9694 6.07987 20.2167 6.74656 21.1957 7.72553C22.1747 8.7045 22.8413 9.95178 23.1114 11.3096C23.3815 12.6675 23.2429 14.075 22.7131 15.3541C22.1833 16.6331 21.2861 17.7264 20.1349 18.4956C18.9838 19.2647 17.6304 19.6753 16.2459 19.6753C14.39 19.6733 12.6107 18.9352 11.2984 17.6228C9.98606 16.3105 9.24793 14.5312 9.24594 12.6753Z"
              fill="#3A343C"
            />
          </svg>
          <h6>
            Kohlil Doe
          </h6>
        </span>
        <span>
          <p
            class="sc-gueYoa gLrYZN"
          >
            Edit
          </p>
          <svg
            fill="none"
            height="25"
            viewBox="0 0 25 25"
            width="25"
            xmlns="http://www.w3.org/2000/svg"
          >
            <path
              d="M21.5564 7.55493L17.3677 3.36524C17.2284 3.22592 17.063 3.1154 16.881 3.03999C16.699 2.96459 16.5039 2.92578 16.3069 2.92578C16.1099 2.92578 15.9148 2.96459 15.7328 3.03999C15.5508 3.1154 15.3854 3.22592 15.2461 3.36524L3.68579 14.9265C3.54589 15.0653 3.43498 15.2305 3.3595 15.4125C3.28402 15.5945 3.24547 15.7898 3.2461 15.9868V20.1765C3.2461 20.5743 3.40414 20.9558 3.68544 21.2372C3.96675 21.5185 4.34828 21.6765 4.7461 21.6765H8.93579C9.13284 21.6771 9.32806 21.6386 9.51009 21.5631C9.69211 21.4876 9.85732 21.3767 9.9961 21.2368L21.5564 9.67649C21.6957 9.5372 21.8063 9.37183 21.8817 9.18982C21.9571 9.0078 21.9959 8.81272 21.9959 8.61571C21.9959 8.4187 21.9571 8.22362 21.8817 8.04161C21.8063 7.8596 21.6957 7.69422 21.5564 7.55493ZM8.93579 20.1765H4.7461V15.9868L12.9961 7.7368L17.1858 11.9265L8.93579 20.1765ZM18.2461 10.8652L14.0564 6.67649L16.3064 4.42649L20.4961 8.61524L18.2461 10.8652Z"
              fill="#3A343C"
            />
          </svg>
        </span>
      </div>
      <div>
        <span>
          <svg
            fill="none"
            height="25"
            viewBox="0 0 25 25"
            width="25"
            xmlns="http://www.w3.org/2000/svg"
          >
            <path
              d="M24.2458 13.4256C24.2458 13.6245 24.1668 13.8153 24.0262 13.956C23.8855 14.0966 23.6948 14.1756 23.4958 14.1756H21.9958V15.6756C21.9958 15.8745 21.9168 16.0653 21.7762 16.206C21.6355 16.3466 21.4448 16.4256 21.2458 16.4256C21.0469 16.4256 20.8562 16.3466 20.7155 16.206C20.5749 16.0653 20.4958 15.8745 20.4958 15.6756V14.1756H18.9958C18.7969 14.1756 18.6062 14.0966 18.4655 13.956C18.3249 13.8153 18.2458 13.6245 18.2458 13.4256C18.2458 13.2267 18.3249 13.0359 18.4655 12.8953C18.6062 12.7546 18.7969 12.6756 18.9958 12.6756H20.4958V11.1756C20.4958 10.9767 20.5749 10.7859 20.7155 10.6453C20.8562 10.5046 21.0469 10.4256 21.2458 10.4256C21.4448 10.4256 21.6355 10.5046 21.7762 10.6453C21.9168 10.7859 21.9958 10.9767 21.9958 11.1756V12.6756H23.4958C23.6948 12.6756 23.8855 12.7546 24.0262 12.8953C24.1668 13.0359 24.2458 13.2267 24.2458 13.4256ZM18.8205 18.9428C18.9486 19.0952 19.0108 19.2923 18.9936 19.4906C18.9764 19.6889 18.8811 19.8723 18.7287 20.0003C18.5762 20.1284 18.3792 20.1906 18.1809 20.1734C17.9826 20.1562 17.7992 20.0609 17.6712 19.9084C15.7849 17.6622 13.1918 16.4256 10.3708 16.4256C7.54991 16.4256 4.95679 17.6622 3.07054 19.9084C2.94249 20.0607 2.75918 20.1559 2.56095 20.1731C2.36272 20.1902 2.1658 20.1279 2.01351 19.9998C1.86121 19.8718 1.76603 19.6885 1.74889 19.4903C1.73174 19.292 1.79405 19.0951 1.9221 18.9428C3.32273 17.2759 5.0646 16.0919 7.00054 15.4581C5.82482 14.7258 4.91959 13.6306 4.42179 12.338C3.92399 11.0454 3.86071 9.62591 4.24152 8.29418C4.62233 6.96244 5.42652 5.79096 6.53241 4.95698C7.63831 4.12299 8.98574 3.67187 10.3708 3.67188C11.756 3.67188 13.1034 4.12299 14.2093 4.95698C15.3152 5.79096 16.1194 6.96244 16.5002 8.29418C16.881 9.62591 16.8177 11.0454 16.3199 12.338C15.8221 13.6306 14.9169 14.7258 13.7412 15.4581C15.6771 16.0919 17.419 17.2759 18.8205 18.9428ZM10.3708 14.9256C11.335 14.9256 12.2776 14.6397 13.0793 14.104C13.8809 13.5684 14.5058 12.807 14.8748 11.9162C15.2437 11.0254 15.3403 10.0452 15.1522 9.09956C14.9641 8.1539 14.4998 7.28526 13.818 6.60348C13.1362 5.9217 12.2676 5.4574 11.3219 5.2693C10.3763 5.08119 9.39606 5.17773 8.50527 5.54671C7.61448 5.91569 6.85311 6.54053 6.31744 7.34222C5.78176 8.14391 5.49585 9.08644 5.49585 10.0506C5.49734 11.3431 6.01143 12.5822 6.92535 13.4961C7.83927 14.41 9.07838 14.9241 10.3708 14.9256Z"
              fill="#3A343C"
            />
          </svg>
          <h6>
            Add another profile
          </h6>
        </span>
      </div>
    </div>
    <dialog
      class="sc-beqWaB eVLkeS"
    >
      <div>
        <svg
          fill="none"
          height="20"
          tabindex="0"
          viewBox="0 0 20 20"
          width="20"
          xmlns="http://www.w3.org/2000/svg"
        >
          <path
            d="M19.7071 18.2931C19.8 18.386 19.8737 18.4963 19.924 18.6177C19.9743 18.7391 20.0001 18.8692 20.0001 19.0006C20.0001 19.132 19.9743 19.2621 19.924 19.3835C19.8737 19.5048 19.8 19.6151 19.7071 19.7081C19.6142 19.801 19.5039 19.8747 19.3825 19.9249C19.2611 19.9752 19.131 20.0011 18.9996 20.0011C18.8682 20.0011 18.7381 19.9752 18.6167 19.9249C18.4953 19.8747 18.385 19.801 18.2921 19.7081L9.99958 11.4143L1.70708 19.7081C1.51944 19.8957 1.26494 20.0011 0.999579 20.0011C0.734215 20.0011 0.47972 19.8957 0.292079 19.7081C0.104439 19.5204 -0.000976557 19.2659 -0.000976562 19.0006C-0.000976568 18.7352 0.104439 18.4807 0.292079 18.2931L8.58583 10.0006L0.292079 1.70806C0.104439 1.52042 -0.000976562 1.26592 -0.000976562 1.00056C-0.000976562 0.735192 0.104439 0.480697 0.292079 0.293056C0.47972 0.105415 0.734215 0 0.999579 0C1.26494 0 1.51944 0.105415 1.70708 0.293056L9.99958 8.58681L18.2921 0.293056C18.4797 0.105415 18.7342 -5.23096e-09 18.9996 0C19.2649 5.23096e-09 19.5194 0.105415 19.7071 0.293056C19.8947 0.480697 20.0001 0.735192 20.0001 1.00056C20.0001 1.26592 19.8947 1.52042 19.7071 1.70806L11.4133 10.0006L19.7071 18.2931Z"
            fill="#1D1A1E"
          />
        </svg>
        <div
          class="sc-hLseeU kwRaBE"
        >
          <img
            alt="decorative image"
            data-nimg="1"
            decoding="async"
            height="0"
            loading="lazy"
            src="/_next/image?url=%2Fassets%2Fimages%2Fsignup%2FSignup_D_Steps_Review_Dialog_Image.png&w=16&q=75"
            srcset="/_next/image?url=%2Fassets%2Fimages%2Fsignup%2FSignup_D_Steps_Review_Dialog_Image.png&w=16&q=75 1x"
            style="color: transparent;"
            width="0"
          />
          <h6>
            Profile successfully created!
          </h6>
          <p
            class="sc-gueYoa gLrYZN"
          >
            Congrats! Youâ€™ve completed your profile and are on the way to greatness.
          </p>
        </div>
      </div>
    </dialog>
  </div>,
  "debug": [Function],
  "findAllByAltText": [Function],
  "findAllByDisplayValue": [Function],
  "findAllByLabelText": [Function],
  "findAllByPlaceholderText": [Function],
  "findAllByRole": [Function],
  "findAllByTestId": [Function],
  "findAllByText": [Function],
  "findAllByTitle": [Function],
  "findByAltText": [Function],
  "findByDisplayValue": [Function],
  "findByLabelText": [Function],
  "findByPlaceholderText": [Function],
  "findByRole": [Function],
  "findByTestId": [Function],
  "findByText": [Function],
  "findByTitle": [Function],
  "getAllByAltText": [Function],
  "getAllByDisplayValue": [Function],
  "getAllByLabelText": [Function],
  "getAllByPlaceholderText": [Function],
  "getAllByRole": [Function],
  "getAllByTestId": [Function],
  "getAllByText": [Function],
  "getAllByTitle": [Function],
  "getByAltText": [Function],
  "getByDisplayValue": [Function],
  "getByLabelText": [Function],
  "getByPlaceholderText": [Function],
  "getByRole": [Function],
  "getByTestId": [Function],
  "getByText": [Function],
  "getByTitle": [Function],
  "queryAllByAltText": [Function],
  "queryAllByDisplayValue": [Function],
  "queryAllByLabelText": [Function],
  "queryAllByPlaceholderText": [Function],
  "queryAllByRole": [Function],
  "queryAllByTestId": [Function],
  "queryAllByText": [Function],
  "queryAllByTitle": [Function],
  "queryByAltText": [Function],
  "queryByDisplayValue": [Function],
  "queryByLabelText": [Function],
  "queryByPlaceholderText": [Function],
  "queryByRole": [Function],
  "queryByTestId": [Function],
  "queryByText": [Function],
  "queryByTitle": [Function],
  "rerender": [Function],
  "unmount": [Function],
}